GowinSynthesis start
Running parser ...
Analyzing Verilog file 'C:\Gowin\Gowin_V1.9.12_x64\IDE\ipcore\SDRC_HS\data\SDRAM_Controller_HS_Top.v'
Analyzing included file 'sdrc_hs_defines.v'("C:\Gowin\Gowin_V1.9.12_x64\IDE\ipcore\SDRC_HS\data\SDRAM_Controller_HS_Top.v":2)
Back to file 'C:\Gowin\Gowin_V1.9.12_x64\IDE\ipcore\SDRC_HS\data\SDRAM_Controller_HS_Top.v'("C:\Gowin\Gowin_V1.9.12_x64\IDE\ipcore\SDRC_HS\data\SDRAM_Controller_HS_Top.v":2)
Analyzing included file 'sdrc_hs_name.v'("C:\Gowin\Gowin_V1.9.12_x64\IDE\ipcore\SDRC_HS\data\SDRAM_Controller_HS_Top.v":3)
Back to file 'C:\Gowin\Gowin_V1.9.12_x64\IDE\ipcore\SDRC_HS\data\SDRAM_Controller_HS_Top.v'("C:\Gowin\Gowin_V1.9.12_x64\IDE\ipcore\SDRC_HS\data\SDRAM_Controller_HS_Top.v":3)
Analyzing Verilog file 'C:\Gowin\Gowin_V1.9.12_x64\IDE\ipcore\SDRC_HS\data\sdrc_hs_top.vp'
Analyzing included file 'sdrc_hs_defines.v'("C:\Gowin\Gowin_V1.9.12_x64\IDE\ipcore\SDRC_HS\data\sdrc_hs_top.vp":702)
Back to file 'C:\Gowin\Gowin_V1.9.12_x64\IDE\ipcore\SDRC_HS\data\sdrc_hs_top.vp'("C:\Gowin\Gowin_V1.9.12_x64\IDE\ipcore\SDRC_HS\data\sdrc_hs_top.vp":702)
Analyzing included file 'sdrc_hs_name.v'("C:\Gowin\Gowin_V1.9.12_x64\IDE\ipcore\SDRC_HS\data\sdrc_hs_top.vp":702)
Back to file 'C:\Gowin\Gowin_V1.9.12_x64\IDE\ipcore\SDRC_HS\data\sdrc_hs_top.vp'("C:\Gowin\Gowin_V1.9.12_x64\IDE\ipcore\SDRC_HS\data\sdrc_hs_top.vp":702)
Compiling module 'SDRAM_Controller_HS_Top'("C:\Gowin\Gowin_V1.9.12_x64\IDE\ipcore\SDRC_HS\data\SDRAM_Controller_HS_Top.v":6)
Compiling module '**'("C:\Gowin\Gowin_V1.9.12_x64\IDE\ipcore\SDRC_HS\data\sdrc_hs_top.vp":702)
WARN  (EX3670) : Actual bit length ** differs from formal bit length *** for port '**'("C:\Gowin\Gowin_V1.9.12_x64\IDE\ipcore\SDRC_HS\data\sdrc_hs_top.vp":702)
WARN  (EX3791) : Expression size ** truncated to fit in target size **("C:\Gowin\Gowin_V1.9.12_x64\IDE\ipcore\SDRC_HS\data\sdrc_hs_top.vp":702)
NOTE  (EX0101) : Current top module is "SDRAM_Controller_HS_Top"
[5%] Running netlist conversion ...
Running device independent optimization ...
[10%] Optimizing Phase 0 completed
[15%] Optimizing Phase 1 completed
[25%] Optimizing Phase 2 completed
Running inference ...
[30%] Inferring Phase 0 completed
[40%] Inferring Phase 1 completed
[50%] Inferring Phase 2 completed
[55%] Inferring Phase 3 completed
Running technical mapping ...
[60%] Tech-Mapping Phase 0 completed
[65%] Tech-Mapping Phase 1 completed
[75%] Tech-Mapping Phase 2 completed
[80%] Tech-Mapping Phase 3 completed
[90%] Tech-Mapping Phase 4 completed
[95%] Generate netlist file "C:\Users\Roberts\Documents\ps2portable\fpga_video_scaler\fpga_code\fpga_project\src\sdram_controller_hs\temp\SDRC_HS\sdram_controller_hs.vg" completed
Generate template file "C:\Users\Roberts\Documents\ps2portable\fpga_video_scaler\fpga_code\fpga_project\src\sdram_controller_hs\temp\SDRC_HS\sdram_controller_hs_tmp.v" completed
[100%] Generate report file "C:\Users\Roberts\Documents\ps2portable\fpga_video_scaler\fpga_code\fpga_project\src\sdram_controller_hs\temp\SDRC_HS\sdram_controller_hs_syn.rpt.html" completed
GowinSynthesis finish
